[    0.000000] Linux version 5.15.194-yocto-standard (oe-user@oe-host) (x86_64-poky-linux-gcc (GCC) 11.5.0, GNU ld (GNU Binutils) 2.38.20220708) #1 SMP PREEMPT Mon Oct 6 17:09:24 UTC 2025
[    0.000000] Command line: root=/dev/vda rw  ip=192.168.7.2::192.168.7.1:255.255.255.0::eth0:off:8.8.8.8 oprofile.timer=1 tsc=reliable no_timer_check rcupdate.rcu_expedited=1 
[    0.000000] BIOS-provided physical RAM map:
[    0.000000] BIOS-e820: [mem 0x0000000000000000-0x000000000009fbff] usable
[    0.000000] BIOS-e820: [mem 0x000000000009fc00-0x000000000009ffff] reserved
[    0.000000] BIOS-e820: [mem 0x00000000000f0000-0x00000000000fffff] reserved
[    0.000000] BIOS-e820: [mem 0x0000000000100000-0x000000000ffd7fff] usable
[    0.000000] BIOS-e820: [mem 0x000000000ffd8000-0x000000000fffffff] reserved
[    0.000000] BIOS-e820: [mem 0x00000000b0000000-0x00000000bfffffff] reserved
[    0.000000] BIOS-e820: [mem 0x00000000fed1c000-0x00000000fed1ffff] reserved
[    0.000000] BIOS-e820: [mem 0x00000000fffc0000-0x00000000ffffffff] reserved
[    0.000000] NX (Execute Disable) protection: active
[    0.000000] SMBIOS 2.8 present.
[    0.000000] DMI: QEMU Standard PC (Q35 + ICH9, 2009), BIOS rel-1.15.0-0-g2dd4b9b3f840-prebuilt.qemu.org 04/01/2014
[    0.000000] tsc: Fast TSC calibration failed
[    0.000000] e820: update [mem 0x00000000-0x00000fff] usable ==> reserved
[    0.000000] e820: remove [mem 0x000a0000-0x000fffff] usable
[    0.000000] last_pfn = 0xffd8 max_arch_pfn = 0x400000000
[    0.000000] x86/PAT: Configuration [0-7]: WB  WC  UC- UC  WB  WP  UC- WT  
[    0.000000] found SMP MP-table at [mem 0x000f5b60-0x000f5b6f]
[    0.000000] ACPI: Early table checksum verification disabled
[    0.000000] ACPI: RSDP 0x00000000000F5990 000014 (v00 BOCHS )
[    0.000000] ACPI: RSDT 0x000000000FFE2439 000038 (v01 BOCHS  BXPC     00000001 BXPC 00000001)
[    0.000000] ACPI: FACP 0x000000000FFE2219 0000F4 (v03 BOCHS  BXPC     00000001 BXPC 00000001)
[    0.000000] ACPI: DSDT 0x000000000FFE0040 0021D9 (v01 BOCHS  BXPC     00000001 BXPC 00000001)
[    0.000000] ACPI: FACS 0x000000000FFE0000 000040
[    0.000000] ACPI: APIC 0x000000000FFE230D 000090 (v01 BOCHS  BXPC     00000001 BXPC 00000001)
[    0.000000] ACPI: HPET 0x000000000FFE239D 000038 (v01 BOCHS  BXPC     00000001 BXPC 00000001)
[    0.000000] ACPI: MCFG 0x000000000FFE23D5 00003C (v01 BOCHS  BXPC     00000001 BXPC 00000001)
[    0.000000] ACPI: WAET 0x000000000FFE2411 000028 (v01 BOCHS  BXPC     00000001 BXPC 00000001)
[    0.000000] ACPI: Reserving FACP table memory at [mem 0xffe2219-0xffe230c]
[    0.000000] ACPI: Reserving DSDT table memory at [mem 0xffe0040-0xffe2218]
[    0.000000] ACPI: Reserving FACS table memory at [mem 0xffe0000-0xffe003f]
[    0.000000] ACPI: Reserving APIC table memory at [mem 0xffe230d-0xffe239c]
[    0.000000] ACPI: Reserving HPET table memory at [mem 0xffe239d-0xffe23d4]
[    0.000000] ACPI: Reserving MCFG table memory at [mem 0xffe23d5-0xffe2410]
[    0.000000] ACPI: Reserving WAET table memory at [mem 0xffe2411-0xffe2438]
[    0.000000] Zone ranges:
[    0.000000]   DMA      [mem 0x0000000000001000-0x0000000000ffffff]
[    0.000000]   DMA32    [mem 0x0000000001000000-0x000000000ffd7fff]
[    0.000000]   Normal   empty
[    0.000000] Movable zone start for each node
[    0.000000] Early memory node ranges
[    0.000000]   node   0: [mem 0x0000000000001000-0x000000000009efff]
[    0.000000]   node   0: [mem 0x0000000000100000-0x000000000ffd7fff]
[    0.000000] Initmem setup node 0 [mem 0x0000000000001000-0x000000000ffd7fff]
[    0.000000] On node 0, zone DMA: 1 pages in unavailable ranges
[    0.000000] On node 0, zone DMA: 97 pages in unavailable ranges
[    0.000000] On node 0, zone DMA32: 40 pages in unavailable ranges
[    0.000000] ACPI: PM-Timer IO Port: 0x608
[    0.000000] ACPI: LAPIC_NMI (acpi_id[0xff] dfl dfl lint[0x1])
[    0.000000] IOAPIC[0]: apic_id 0, version 32, address 0xfec00000, GSI 0-23
[    0.000000] ACPI: INT_SRC_OVR (bus 0 bus_irq 0 global_irq 2 dfl dfl)
[    0.000000] ACPI: INT_SRC_OVR (bus 0 bus_irq 5 global_irq 5 high level)
[    0.000000] ACPI: INT_SRC_OVR (bus 0 bus_irq 9 global_irq 9 high level)
[    0.000000] ACPI: INT_SRC_OVR (bus 0 bus_irq 10 global_irq 10 high level)
[    0.000000] ACPI: INT_SRC_OVR (bus 0 bus_irq 11 global_irq 11 high level)
[    0.000000] ACPI: Using ACPI (MADT) for SMP configuration information
[    0.000000] ACPI: HPET id: 0x8086a201 base: 0xfed00000
[    0.000000] smpboot: Allowing 4 CPUs, 0 hotplug CPUs
[    0.000000] [mem 0x10000000-0xafffffff] available for PCI devices
[    0.000000] Booting paravirtualized kernel on bare hardware
[    0.000000] clocksource: refined-jiffies: mask: 0xffffffff max_cycles: 0xffffffff, max_idle_ns: 1910969940391419 ns
[    0.000000] setup_percpu: NR_CPUS:64 nr_cpumask_bits:64 nr_cpu_ids:4 nr_node_ids:1
[    0.000000] percpu: Embedded 54 pages/cpu s182360 r8192 d30632 u524288
[    0.000000] pcpu-alloc: s182360 r8192 d30632 u524288 alloc=1*2097152
[    0.000000] pcpu-alloc: [0] 0 1 2 3 
[    0.000000] Built 1 zonelists, mobility grouping on.  Total pages: 64216
[    0.000000] Kernel command line: root=/dev/vda rw  ip=192.168.7.2::192.168.7.1:255.255.255.0::eth0:off:8.8.8.8 oprofile.timer=1 tsc=reliable no_timer_check rcupdate.rcu_expedited=1 
[    0.000000] Dentry cache hash table entries: 32768 (order: 6, 262144 bytes, linear)
[    0.000000] Inode-cache hash table entries: 16384 (order: 5, 131072 bytes, linear)
[    0.000000] mem auto-init: stack:off, heap alloc:off, heap free:off
[    0.000000] Memory: 224520K/261592K available (16395K kernel code, 2130K rwdata, 3648K rodata, 1904K init, 1944K bss, 36812K reserved, 0K cma-reserved)
[    0.000000] SLUB: HWalign=64, Order=0-3, MinObjects=0, CPUs=4, Nodes=1
[    0.000000] Kernel/User page tables isolation: enabled
[    0.000000] ftrace: allocating 45695 entries in 179 pages
[    0.000000] ftrace: allocated 179 pages with 5 groups
[    0.000000] rcu: Preemptible hierarchical RCU implementation.
[    0.000000] rcu: 	RCU restricting CPUs from NR_CPUS=64 to nr_cpu_ids=4.
[    0.000000] 	All grace periods are expedited (rcu_expedited).
[    0.000000] 	Trampoline variant of Tasks RCU enabled.
[    0.000000] 	Rude variant of Tasks RCU enabled.
[    0.000000] 	Tracing variant of Tasks RCU enabled.
[    0.000000] rcu: RCU calculated value of scheduler-enlistment delay is 100 jiffies.
[    0.000000] rcu: Adjusting geometry for rcu_fanout_leaf=16, nr_cpu_ids=4
[    0.000000] NR_IRQS: 4352, nr_irqs: 456, preallocated irqs: 16
[    0.000000] kfence: initialized - using 2097152 bytes for 255 objects at 0x(____ptrval____)-0x(____ptrval____)
[    0.000000] random: crng init done
[    0.000000] Console: colour VGA+ 80x25
[    0.000000] printk: console [tty0] enabled
[    0.000000] ACPI: Core revision 20210730
[    0.000000] clocksource: hpet: mask: 0xffffffff max_cycles: 0xffffffff, max_idle_ns: 19112604467 ns
[    0.000000] APIC: Switch to symmetric I/O mode setup
[    0.001000] ..TIMER: vector=0x30 apic1=0 pin1=2 apic2=-1 pin2=-1
[    0.004000] tsc: Unable to calibrate against PIT
[    0.004000] tsc: using HPET reference calibration
[    0.004000] tsc: Detected 3109.241 MHz processor
[    0.000327] clocksource: tsc-early: mask: 0xffffffffffffffff max_cycles: 0x2cd161472d4, max_idle_ns: 440795235202 ns
[    0.000549] Calibrating delay loop (skipped), value calculated using timer frequency.. 6218.48 BogoMIPS (lpj=3109241)
[    0.003239] Last level iTLB entries: 4KB 0, 2MB 0, 4MB 0
[    0.003325] Last level dTLB entries: 4KB 0, 2MB 0, 4MB 0, 1GB 0
[    0.003433] Spectre V1 : Mitigation: usercopy/swapgs barriers and __user pointer sanitization
[    0.003433] Spectre V2 : Mitigation: Retpolines
[    0.003433] Spectre V2 : Spectre v2 / SpectreRSB: Filling RSB on context switch and VMEXIT
[    0.003433] Speculative Store Bypass: Vulnerable
[    0.003433] MDS: Vulnerable: Clear CPU buffers attempted, no microcode
[    0.003433] MMIO Stale Data: Unknown: No mitigations
[    0.003433] SRBDS: Unknown: Dependent on hypervisor status
[    0.003433] active return thunk: its_return_thunk
[    0.003492] ITS: Mitigation: Aligned branch/return thunks
[    0.005434] x86/fpu: Supporting XSAVE feature 0x001: 'x87 floating point registers'
[    0.007648] x86/fpu: Supporting XSAVE feature 0x002: 'SSE registers'
[    0.008469] x86/fpu: Enabled xstate features 0x3, context size is 576 bytes, using 'standard' format.
[    0.066921] Freeing SMP alternatives memory: 52K
[    0.067423] pid_max: default: 32768 minimum: 301
[    0.069394] LSM: Security Framework initializing
[    0.069433] landlock: Up and running.
[    0.069433] Mount-cache hash table entries: 512 (order: 0, 4096 bytes, linear)
[    0.069527] Mountpoint-cache hash table entries: 512 (order: 0, 4096 bytes, linear)
[    0.170433] smpboot: CPU0: Intel Xeon E3-12xx v2 (Ivy Bridge) (family: 0x6, model: 0x3a, stepping: 0x9)
[    0.172433] Performance Events: unsupported p6 CPU model 58 no PMU driver, software events only.
[    0.172433] signal: max sigframe size: 1520
[    0.172433] rcu: Hierarchical SRCU implementation.
[    0.172433] smp: Bringing up secondary CPUs ...
[    0.178665] x86: Booting SMP configuration:
[    0.178776] .... node  #0, CPUs:      #1 #2 #3
[    0.191630] smp: Brought up 1 node, 4 CPUs
[    0.191630] smpboot: Max logical packages: 1
[    0.191702] smpboot: Total of 4 processors activated (24873.92 BogoMIPS)
[    0.201817] devtmpfs: initialized
[    0.213011] clocksource: jiffies: mask: 0xffffffff max_cycles: 0xffffffff, max_idle_ns: 1911260446275000 ns
[    0.213496] futex hash table entries: 1024 (order: 4, 65536 bytes, linear)
[    0.215267] pinctrl core: initialized pinctrl subsystem
[    0.223656] NET: Registered PF_NETLINK/PF_ROUTE protocol family
[    0.228267] thermal_sys: Registered thermal governor 'step_wise'
[    0.228309] thermal_sys: Registered thermal governor 'user_space'
[    0.229613] cpuidle: using governor menu
[    0.230248] ACPI: bus type PCI registered
[    0.231920] PCI: MMCONFIG for domain 0000 [bus 00-ff] at [mem 0xb0000000-0xbfffffff] (base 0xb0000000)
[    0.232545] PCI: MMCONFIG at [mem 0xb0000000-0xbfffffff] reserved in E820
[    0.234608] PCI: Using configuration type 1 for base access
[    0.236569] mtrr: your CPUs had inconsistent fixed MTRR settings
[    0.236627] mtrr: your CPUs had inconsistent variable MTRR settings
[    0.236664] mtrr: your CPUs had inconsistent MTRRdefType settings
[    0.236693] mtrr: probably your BIOS does not setup all CPUs.
[    0.236728] mtrr: corrected configuration.
[    0.245107] kprobes: kprobe jump-optimization is enabled. All kprobes are optimized if possible.
[    0.294703] raid6: sse2x4   gen()  1101 MB/s
[    0.311916] raid6: sse2x4   xor()  1163 MB/s
[    0.328779] raid6: sse2x2   gen()  2134 MB/s
[    0.345586] raid6: sse2x2   xor()   553 MB/s
[    0.363523] raid6: sse2x1   gen()  1765 MB/s
[    0.379452] raid6: sse2x1   xor()  1062 MB/s
[    0.379580] raid6: using algorithm sse2x2 gen() 2134 MB/s
[    0.379628] raid6: .... xor() 553 MB/s, rmw enabled
[    0.379792] raid6: using ssse3x2 recovery algorithm
[    0.380433] ACPI: Added _OSI(Module Device)
[    0.380433] ACPI: Added _OSI(Processor Device)
[    0.380433] ACPI: Added _OSI(Processor Aggregator Device)
[    0.380433] ACPI: Added _OSI(Linux-Dell-Video)
[    0.380433] ACPI: Added _OSI(Linux-Lenovo-NV-HDMI-Audio)
[    0.380433] ACPI: Added _OSI(Linux-HPI-Hybrid-Graphics)
[    0.380433] ACPI: 1 ACPI AML tables successfully acquired and loaded
[    0.396212] ACPI: Interpreter enabled
[    0.396433] ACPI: PM: (supports S0 S3 S5)
[    0.396433] ACPI: Using IOAPIC for interrupt routing
[    0.398433] PCI: Using host bridge windows from ACPI; if necessary, use "pci=nocrs" and report a bug
[    0.398433] ACPI: Enabled 2 GPEs in block 00 to 3F
[    0.414261] ACPI: PCI Root Bridge [PCI0] (domain 0000 [bus 00-ff])
[    0.414658] acpi PNP0A08:00: _OSC: OS supports [ExtendedConfig ASPM ClockPM Segments MSI HPX-Type3]
[    0.415433] acpi PNP0A08:00: _OSC: platform does not support [LTR]
[    0.416571] acpi PNP0A08:00: _OSC: OS now controls [PME PCIeCapability]
[    0.417433] PCI host bridge to bus 0000:00
[    0.417433] pci_bus 0000:00: root bus resource [io  0x0000-0x0cf7 window]
[    0.417433] pci_bus 0000:00: root bus resource [io  0x0d00-0xffff window]
[    0.417433] pci_bus 0000:00: root bus resource [mem 0x000a0000-0x000bffff window]
[    0.417433] pci_bus 0000:00: root bus resource [mem 0x10000000-0xafffffff window]
[    0.417433] pci_bus 0000:00: root bus resource [mem 0xc0000000-0xfebfffff window]
[    0.417433] pci_bus 0000:00: root bus resource [mem 0x100000000-0x8ffffffff window]
[    0.417433] pci_bus 0000:00: root bus resource [bus 00-ff]
[    0.417433] pci 0000:00:00.0: [8086:29c0] type 00 class 0x060000
[    0.417433] pci 0000:00:01.0: [1af4:1000] type 00 class 0x020000
[    0.417433] pci 0000:00:01.0: reg 0x10: [io  0xc0c0-0xc0df]
[    0.421433] pci 0000:00:01.0: reg 0x14: [mem 0xfebd0000-0xfebd0fff]
[    0.421433] pci 0000:00:01.0: reg 0x20: [mem 0xfe800000-0xfe803fff 64bit pref]
[    0.426433] pci 0000:00:01.0: reg 0x30: [mem 0xfeb80000-0xfebbffff pref]
[    0.427713] pci 0000:00:02.0: [1af4:1005] type 00 class 0x00ff00
[    0.428478] pci 0000:00:02.0: reg 0x10: [io  0xc0e0-0xc0ff]
[    0.430433] pci 0000:00:02.0: reg 0x20: [mem 0xfe804000-0xfe807fff 64bit pref]
[    0.434100] pci 0000:00:03.0: [1af4:1050] type 00 class 0x030000
[    0.436433] pci 0000:00:03.0: reg 0x10: [mem 0xfe000000-0xfe7fffff pref]
[    0.439433] pci 0000:00:03.0: reg 0x18: [mem 0xfe808000-0xfe80bfff 64bit pref]
[    0.439433] pci 0000:00:03.0: reg 0x20: [mem 0xfebd1000-0xfebd1fff]
[    0.442433] pci 0000:00:03.0: reg 0x30: [mem 0xfebc0000-0xfebcffff pref]
[    0.442869] pci 0000:00:03.0: Video device with shadowed ROM at [mem 0x000c0000-0x000dffff]
[    0.443320] pci 0000:00:04.0: [1af4:1001] type 00 class 0x010000
[    0.445433] pci 0000:00:04.0: reg 0x10: [io  0xc000-0xc07f]
[    0.446485] pci 0000:00:04.0: reg 0x14: [mem 0xfebd2000-0xfebd2fff]
[    0.449433] pci 0000:00:04.0: reg 0x20: [mem 0xfe80c000-0xfe80ffff 64bit pref]
[    0.451403] pci 0000:00:1d.0: [8086:2934] type 00 class 0x0c0300
[    0.455970] pci 0000:00:1d.0: reg 0x20: [io  0xc100-0xc11f]
[    0.459433] pci 0000:00:1d.1: [8086:2935] type 00 class 0x0c0300
[    0.460433] pci 0000:00:1d.1: reg 0x20: [io  0xc120-0xc13f]
[    0.464147] pci 0000:00:1d.2: [8086:2936] type 00 class 0x0c0300
[    0.464433] pci 0000:00:1d.2: reg 0x20: [io  0xc140-0xc15f]
[    0.464995] pci 0000:00:1d.7: [8086:293a] type 00 class 0x0c0320
[    0.465433] pci 0000:00:1d.7: reg 0x10: [mem 0xfebd3000-0xfebd3fff]
[    0.469485] pci 0000:00:1f.0: [8086:2918] type 00 class 0x060100
[    0.470382] pci 0000:00:1f.0: quirk: [io  0x0600-0x067f] claimed by ICH6 ACPI/GPIO/TCO
[    0.471089] pci 0000:00:1f.2: [8086:2922] type 00 class 0x010601
[    0.472433] pci 0000:00:1f.2: reg 0x20: [io  0xc160-0xc17f]
[    0.472433] pci 0000:00:1f.2: reg 0x24: [mem 0xfebd4000-0xfebd4fff]
[    0.475914] pci 0000:00:1f.3: [8086:2930] type 00 class 0x0c0500
[    0.476433] pci 0000:00:1f.3: reg 0x20: [io  0x0700-0x073f]
[    0.476433] pci_bus 0000:00: on NUMA node 0
[    0.480433] ACPI: PCI: Interrupt link LNKA configured for IRQ 10
[    0.480978] ACPI: PCI: Interrupt link LNKB configured for IRQ 10
[    0.483124] ACPI: PCI: Interrupt link LNKC configured for IRQ 11
[    0.483597] ACPI: PCI: Interrupt link LNKD configured for IRQ 11
[    0.483978] ACPI: PCI: Interrupt link LNKE configured for IRQ 10
[    0.484577] ACPI: PCI: Interrupt link LNKF configured for IRQ 10
[    0.484981] ACPI: PCI: Interrupt link LNKG configured for IRQ 11
[    0.485807] ACPI: PCI: Interrupt link LNKH configured for IRQ 11
[    0.485945] ACPI: PCI: Interrupt link GSIA configured for IRQ 16
[    0.486068] ACPI: PCI: Interrupt link GSIB configured for IRQ 17
[    0.486170] ACPI: PCI: Interrupt link GSIC configured for IRQ 18
[    0.486298] ACPI: PCI: Interrupt link GSID configured for IRQ 19
[    0.486388] ACPI: PCI: Interrupt link GSIE configured for IRQ 20
[    0.486433] ACPI: PCI: Interrupt link GSIF configured for IRQ 21
[    0.486433] ACPI: PCI: Interrupt link GSIG configured for IRQ 22
[    0.486433] ACPI: PCI: Interrupt link GSIH configured for IRQ 23
[    0.493953] pci 0000:00:03.0: vgaarb: setting as boot VGA device
[    0.494023] pci 0000:00:03.0: vgaarb: VGA device added: decodes=io+mem,owns=io+mem,locks=none
[    0.495539] pci 0000:00:03.0: vgaarb: bridge control possible
[    0.495741] vgaarb: loaded
[    0.497234] SCSI subsystem initialized
[    0.499145] libata version 3.00 loaded.
[    0.499365] ACPI: bus type USB registered
[    0.499609] usbcore: registered new interface driver usbfs
[    0.500614] usbcore: registered new interface driver hub
[    0.500895] usbcore: registered new device driver usb
[    0.501399] pps_core: LinuxPPS API ver. 1 registered
[    0.501433] pps_core: Software ver. 5.3.6 - Copyright 2005-2007 Rodolfo Giometti <giometti@linux.it>
[    0.501433] PTP clock support registered
[    0.509176] Bluetooth: Core ver 2.22
[    0.509497] NET: Registered PF_BLUETOOTH protocol family
[    0.509547] Bluetooth: HCI device and connection manager initialized
[    0.509662] Bluetooth: HCI socket layer initialized
[    0.509735] Bluetooth: L2CAP socket layer initialized
[    0.509866] Bluetooth: SCO socket layer initialized
[    0.511791] PCI: Using ACPI for IRQ routing
[    0.514031] PCI: pci_cache_line_size set to 64 bytes
[    0.514400] e820: reserve RAM buffer [mem 0x0009fc00-0x0009ffff]
[    0.514400] e820: reserve RAM buffer [mem 0x0ffd8000-0x0fffffff]
[    0.514645] hpet0: at MMIO 0xfed00000, IRQs 2, 8, 0
[    0.514774] hpet0: 3 comparators, 64-bit 100.000000 MHz counter
[    0.520873] clocksource: Switched to clocksource tsc-early
[    0.635406] pnp: PnP ACPI init
[    0.639632] system 00:06: [mem 0xb0000000-0xbfffffff window] has been reserved
[    0.641498] pnp: PnP ACPI: found 7 devices
[    0.687929] clocksource: acpi_pm: mask: 0xffffff max_cycles: 0xffffff, max_idle_ns: 2085701024 ns
[    0.688501] NET: Registered PF_INET protocol family
[    0.689345] IP idents hash table entries: 4096 (order: 3, 32768 bytes, linear)
[    0.691607] tcp_listen_portaddr_hash hash table entries: 256 (order: 0, 4096 bytes, linear)
[    0.705605] Table-perturb hash table entries: 65536 (order: 6, 262144 bytes, linear)
[    0.705901] TCP established hash table entries: 2048 (order: 2, 16384 bytes, linear)
[    0.706880] TCP bind hash table entries: 2048 (order: 3, 32768 bytes, linear)
[    0.707075] TCP: Hash tables configured (established 2048 bind 2048)
[    0.708268] UDP hash table entries: 256 (order: 1, 8192 bytes, linear)
[    0.708455] UDP-Lite hash table entries: 256 (order: 1, 8192 bytes, linear)
[    0.709542] NET: Registered PF_UNIX/PF_LOCAL protocol family
[    0.715408] RPC: Registered named UNIX socket transport module.
[    0.715751] RPC: Registered udp transport module.
[    0.715830] RPC: Registered tcp transport module.
[    0.715885] RPC: Registered tcp NFSv4.1 backchannel transport module.
[    0.716749] pci_bus 0000:00: resource 4 [io  0x0000-0x0cf7 window]
[    0.716853] pci_bus 0000:00: resource 5 [io  0x0d00-0xffff window]
[    0.716917] pci_bus 0000:00: resource 6 [mem 0x000a0000-0x000bffff window]
[    0.716979] pci_bus 0000:00: resource 7 [mem 0x10000000-0xafffffff window]
[    0.717064] pci_bus 0000:00: resource 8 [mem 0xc0000000-0xfebfffff window]
[    0.717127] pci_bus 0000:00: resource 9 [mem 0x100000000-0x8ffffffff window]
[    0.723720] ACPI: \_SB_.GSIA: Enabled at IRQ 16
[    0.728982] pci 0000:00:1d.0: quirk_usb_early_handoff+0x0/0x6f0 took 10977 usecs
[    0.730907] ACPI: \_SB_.GSIB: Enabled at IRQ 17
[    0.734321] ACPI: \_SB_.GSIC: Enabled at IRQ 18
[    0.753347] pci 0000:00:1d.2: quirk_usb_early_handoff+0x0/0x6f0 took 19837 usecs
[    0.754892] ACPI: \_SB_.GSID: Enabled at IRQ 19
[    0.757621] PCI: CLS 0 bytes, default 64
[    0.764099] RAPL PMU: API unit is 2^-32 Joules, 0 fixed counters, 10737418240 ms ovfl timer
[    0.899997] Initialise system trusted keyrings
[    0.902255] workingset: timestamp_bits=46 max_order=16 bucket_order=0
[    0.913709] NFS: Registering the id_resolver key type
[    0.914009] Key type id_resolver registered
[    0.914064] Key type id_legacy registered
[    0.935012] Key type cifs.idmap registered
[    0.959029] xor: measuring software checksum speed
[    0.960693]    prefetch64-sse  :  2184 MB/sec
[    0.961617]    generic_sse     :  2788 MB/sec
[    0.972640] xor: using function: generic_sse (2788 MB/sec)
[    0.972747] Key type asymmetric registered
[    0.972837] Asymmetric key parser 'x509' registered
[    0.973279] Block layer SCSI generic (bsg) driver version 0.4 loaded (major 250)
[    0.973451] io scheduler mq-deadline registered
[    0.973531] io scheduler kyber registered
[    0.977276] input: Power Button as /devices/LNXSYSTM:00/LNXPWRBN:00/input/input0
[    0.983687] ACPI: button: Power Button [PWRF]
[    0.991248] ACPI: \_SB_.GSIF: Enabled at IRQ 21
[    0.998612] ACPI: \_SB_.GSIG: Enabled at IRQ 22
[    1.001066] ACPI: \_SB_.GSIH: Enabled at IRQ 23
[    1.080668] ACPI: \_SB_.GSIE: Enabled at IRQ 20
[    1.085258] Serial: 8250/16550 driver, 4 ports, IRQ sharing disabled
[    1.087585] 00:03: ttyS1 at I/O 0x2f8 (irq = 3, base_baud = 115200) is a 16550A
[    1.088778] 00:04: ttyS0 at I/O 0x3f8 (irq = 4, base_baud = 115200) is a 16550A
[    1.163074] Linux agpgart interface v0.103
[    1.165332] [drm] pci: virtio-vga detected at 0000:00:03.0
[    1.165643] virtio-pci 0000:00:03.0: vgaarb: deactivate vga console
[    1.226167] Console: switching to colour dummy device 80x25
[    1.227821] [drm] features: -virgl +edid -resource_blob -host_visible
[    1.230380] [drm] number of scanouts: 1
[    1.230439] [drm] number of cap sets: 0
[    1.296421] [drm] Initialized virtio_gpu 0.1.0 0 for virtio2 on minor 0
[    1.334532] virtio_gpu virtio2: [drm] drm_plane_enable_fb_damage_clips() not called
[    1.458687] Console: switching to colour frame buffer device 128x48
[    1.470485] virtio_gpu virtio2: [drm] fb0: virtio_gpudrmfb frame buffer device
[    1.510519] brd: module loaded
[    1.528201] loop: module loaded
[    1.534508] virtio_blk virtio3: [vda] 590952 512-byte logical blocks (303 MB/289 MiB)
[    1.549803] ahci 0000:00:1f.2: version 3.0
[    1.554942] ahci 0000:00:1f.2: AHCI 0001.0000 32 slots 6 ports 1.5 Gbps 0x3f impl SATA mode
[    1.555476] ahci 0000:00:1f.2: flags: 64bit ncq only 
[    1.566830] scsi host0: ahci
[    1.570718] scsi host1: ahci
[    1.573935] scsi host2: ahci
[    1.577311] scsi host3: ahci
[    1.585960] scsi host4: ahci
[    1.589836] scsi host5: ahci
[    1.594740] ata1: SATA max UDMA/133 abar m4096@0xfebd4000 port 0xfebd4100 irq 32
[    1.598234] ata2: SATA max UDMA/133 abar m4096@0xfebd4000 port 0xfebd4180 irq 32
[    1.598788] ata3: SATA max UDMA/133 abar m4096@0xfebd4000 port 0xfebd4200 irq 32
[    1.600845] ata4: SATA max UDMA/133 abar m4096@0xfebd4000 port 0xfebd4280 irq 32
[    1.603999] ata5: SATA max UDMA/133 abar m4096@0xfebd4000 port 0xfebd4300 irq 32
[    1.604405] ata6: SATA max UDMA/133 abar m4096@0xfebd4000 port 0xfebd4380 irq 32
[    1.617987] e100: Intel(R) PRO/100 Network Driver
[    1.618522] e100: Copyright(c) 1999-2006 Intel Corporation
[    1.625726] e1000: Intel(R) PRO/1000 Network Driver
[    1.626443] e1000: Copyright (c) 1999-2006 Intel Corporation.
[    1.635277] e1000e: Intel(R) PRO/1000 Network Driver
[    1.635942] e1000e: Copyright(c) 1999 - 2015 Intel Corporation.
[    1.635942] igb: Intel(R) Gigabit Ethernet Network Driver
[    1.635942] igb: Copyright (c) 2007-2014 Intel Corporation.
[    1.635942] ehci_hcd: USB 2.0 'Enhanced' Host Controller (EHCI) Driver
[    1.635942] ehci-pci: EHCI PCI platform driver
[    1.653731] ehci-pci 0000:00:1d.7: EHCI Host Controller
[    1.655687] ehci-pci 0000:00:1d.7: new USB bus registered, assigned bus number 1
[    1.663941] ehci-pci 0000:00:1d.7: irq 19, io mem 0xfebd3000
[    1.672627] ehci-pci 0000:00:1d.7: USB 2.0 started, EHCI 1.00
[    1.697587] hub 1-0:1.0: USB hub found
[    1.701469] hub 1-0:1.0: 6 ports detected
[    1.713575] ohci_hcd: USB 1.1 'Open' Host Controller (OHCI) Driver
[    1.713575] ohci-pci: OHCI PCI platform driver
[    1.713575] uhci_hcd: USB Universal Host Controller Interface driver
[    1.722571] uhci_hcd 0000:00:1d.0: UHCI Host Controller
[    1.725336] uhci_hcd 0000:00:1d.0: new USB bus registered, assigned bus number 2
[    1.732378] uhci_hcd 0000:00:1d.0: irq 16, io base 0x0000c100
[    1.736645] hub 2-0:1.0: USB hub found
[    1.738457] hub 2-0:1.0: 2 ports detected
[    1.751857] uhci_hcd 0000:00:1d.1: UHCI Host Controller
[    1.765682] uhci_hcd 0000:00:1d.1: new USB bus registered, assigned bus number 3
[    1.769535] uhci_hcd 0000:00:1d.1: irq 17, io base 0x0000c120
[    1.787287] hub 3-0:1.0: USB hub found
[    1.790190] hub 3-0:1.0: 2 ports detected
[    1.799114] uhci_hcd 0000:00:1d.2: UHCI Host Controller
[    1.801821] uhci_hcd 0000:00:1d.2: new USB bus registered, assigned bus number 4
[    1.803826] uhci_hcd 0000:00:1d.2: irq 18, io base 0x0000c140
[    1.810796] hub 4-0:1.0: USB hub found
[    1.812594] hub 4-0:1.0: 2 ports detected
[    1.822425] tsc: Refined TSC clocksource calibration: 3110.400 MHz
[    1.823815] usbcore: registered new interface driver usb-storage
[    1.825833] clocksource: tsc: mask: 0xffffffffffffffff max_cycles: 0x2cd5a8bb032, max_idle_ns: 440795365915 ns
[    1.826541] usbcore: registered new interface driver usbserial_generic
[    1.844281] usbserial: USB Serial support registered for generic
[    1.844883] usbcore: registered new interface driver ftdi_sio
[    1.844883] usbserial: USB Serial support registered for FTDI USB Serial Device
[    1.844883] usbcore: registered new interface driver pl2303
[    1.849880] clocksource: Switched to clocksource tsc
[    1.857743] usbserial: USB Serial support registered for pl2303
[    1.870632] i8042: PNP: PS/2 Controller [PNP0303:KBD,PNP0f13:MOU] at 0x60,0x64 irq 1,12
[    1.881394] serio: i8042 KBD port at 0x60,0x64 irq 1
[    1.888755] serio: i8042 AUX port at 0x60,0x64 irq 12
[    1.893064] mousedev: PS/2 mouse device common for all mice
[    1.903754] rtc_cmos 00:05: RTC can wake from S4
[    1.906784] input: AT Translated Set 2 keyboard as /devices/platform/i8042/serio0/input/input1
[    1.908469] rtc_cmos 00:05: registered as rtc0
[    1.928104] ata5: SATA link down (SStatus 0 SControl 300)
[    1.929666] rtc_cmos 00:05: setting system clock to 2026-02-03T01:04:34 UTC (1770080674)
[    1.939268] ata1: SATA link down (SStatus 0 SControl 300)
[    1.969126] usb 1-1: new high-speed USB device number 2 using ehci-pci
[    1.978153] rtc_cmos 00:05: alarms up to one day, y3k, 242 bytes nvram, hpet irqs
[    2.001632] ata3: SATA link up 1.5 Gbps (SStatus 113 SControl 300)
[    2.024024] i801_smbus 0000:00:1f.3: SMBus using PCI interrupt
[    2.032961] ata3.00: ATAPI: QEMU DVD-ROM, 2.5+, max UDMA/100
[    2.071801] ata3.00: applying bridge limits
[    2.074133] i2c i2c-0: 1/1 memory slots populated (from DMI)
[    2.110651] ata2: SATA link down (SStatus 0 SControl 300)
[    2.132941] i2c i2c-0: Memory type 0x07 not supported yet, not instantiating SPD
[    2.137788] ata4: SATA link down (SStatus 0 SControl 300)
[    2.166491] ata6: SATA link down (SStatus 0 SControl 300)
[    2.167980] device-mapper: ioctl: 4.45.0-ioctl (2021-03-22) initialised: dm-devel@redhat.com
[    2.174981] ata3.00: configured for UDMA/100
[    2.186329] intel_pstate: CPU model not supported
[    2.189613] sdhci: Secure Digital Host Controller Interface driver
[    2.196534] sdhci: Copyright(c) Pierre Ossman
[    2.202758] scsi 2:0:0:0: CD-ROM            QEMU     QEMU DVD-ROM     2.5+ PQ: 0 ANSI: 5
[    2.232677] sdhci-pltfm: SDHCI platform and OF driver helper
[    2.258506] usbcore: registered new interface driver usbhid
[    2.263531] usbhid: USB HID core driver
[    2.266402] u32 classifier
[    2.269469]     input device check on
[    2.280204]     Actions configured
[    2.284201] NET: Registered PF_INET6 protocol family
[    2.286275] input: QEMU QEMU USB Tablet as /devices/pci0000:00/0000:00:1d.7/usb1/1-1/1-1:1.0/0003:0627:0001.0001/input/input4
[    2.288096] sr 2:0:0:0: [sr0] scsi3-mmc drive: 4x/4x cd/rw xa/form2 tray
[    2.296703] Segment Routing with IPv6
[    2.297535] hid-generic 0003:0627:0001.0001: input: USB HID v0.01 Mouse [QEMU QEMU USB Tablet] on usb-0000:00:1d.7-1/input0
[    2.305664] cdrom: Uniform CD-ROM driver Revision: 3.20
[    2.327692] In-situ OAM (IOAM) with IPv6
[    2.390218] sit: IPv6, IPv4 and MPLS over IPv4 tunneling driver
[    2.399360] NET: Registered PF_PACKET protocol family
[    2.409646] Bridge firewalling registered
[    2.421239] Key type dns_resolver registered
[    2.430594] NET: Registered PF_VSOCK protocol family
[    2.434739] sr 2:0:0:0: Attached scsi CD-ROM sr0
[    2.438938] IPI shorthand broadcast: enabled
[    2.444005] sched_clock: Marking stable (2448160781, -4566979)->(3027980531, -584386729)
[    2.459381] Loading compiled-in X.509 certificates
[    2.477216] Key type .fscrypt registered
[    2.483845] Key type fscrypt-provisioning registered
[    2.503560] Btrfs loaded, crc32c=crc32c-generic, zoned=no, fsverity=no
[    2.526313] Key type encrypted registered
[    2.536490] printk: console [netcon0] enabled
[    2.556742] netconsole: network logging started
[    2.653310] input: ImExPS/2 Generic Explorer Mouse as /devices/platform/i8042/serio1/input/input3
[    2.697134] IP-Config: Complete:
[    2.701684]      device=eth0, hwaddr=52:54:00:12:34:02, ipaddr=192.168.7.2, mask=255.255.255.0, gw=192.168.7.1
[    2.704038]      host=192.168.7.2, domain=, nis-domain=(none)
[    2.707728]      bootserver=255.255.255.255, rootserver=255.255.255.255, rootpath=
[    2.707809]      nameserver0=8.8.8.8
[    2.726347] clk: Disabling unused clocks
[    2.734596] md: Waiting for all devices to be available before autodetect
[    2.736261] md: If you don't use raid, use raid=noautodetect
[    2.737997] md: Autodetecting RAID arrays.
[    2.740992] md: autorun ...
[    2.745798] md: ... autorun DONE.
[    2.792927] EXT4-fs (vda): mounted filesystem with ordered data mode. Opts: (null). Quota mode: disabled.
[    2.799255] VFS: Mounted root (ext4 filesystem) on device 253:0.
[    2.821244] devtmpfs: mounted
[    3.049292] Freeing unused kernel image (initmem) memory: 1904K
[    3.056752] Write protecting the kernel read-only data: 22528k
[    3.076788] Freeing unused kernel image (text/rodata gap) memory: 2036K
[    3.086053] Freeing unused kernel image (rodata/data gap) memory: 448K
[    3.093643] Run /sbin/init as init process
[    3.109980]   with arguments:
[    3.110022]     /sbin/init
[    3.110038]   with environment:
[    3.110049]     HOME=/
[    3.110054]     TERM=linux
[    4.326295] udevd[159]: starting version 3.2.10
[    4.420937] udevd[160]: starting eudev-3.2.10
[    5.259756] EXT4-fs (vda): re-mounted. Opts: (null). Quota mode: disabled.
[   17.046561] Bluetooth: BNEP (Ethernet Emulation) ver 1.3
[   17.049698] Bluetooth: BNEP filters: protocol multicast
[   17.052626] Bluetooth: BNEP socket layer initialized
[  245.885259] hello: loading out-of-tree module taints kernel.
[  245.889907] Hello, world sana-all
[  260.057340] scullsingle registered at f600008
[  260.058060] sculluid registered at f600009
[  260.062351] scullwuid registered at f60000a
[  260.062909] scullpriv registered at f60000b
[ 2075.386806] hrtimer: interrupt took 3074885 ns
